// Jest Snapshot v1, https://goo.gl/fbAQLP

exports[`TabBar renders correctly 1`] = `
<div
  className="sc-bdnylx bCbvVP"
>
  <div
    className="sc-gtssRu iwvBCG"
  >
    <a
      href="/"
    >
      <img
        className="sc-dlnjPT cjOmng"
        src="/static/images/list.png"
      />
    </a>
    <a
      href="/maps"
    >
      <img
        className="sc-dlnjPT cjOmng"
        src="/static/images/map.png"
      />
    </a>
  </div>
</div>
`;
